// Jest Snapshot v1, https://goo.gl/fbAQLP

exports[`CategoriesList component should render with the given state from redux store 1`] = `ShallowWrapper {}`;
